// Jest Snapshot v1, https://goo.gl/fbAQLP

exports[`high-level tree editing routines accommodating sentence changes reassigns terminal node slices when changing sentence to "The d jumped." 1`] = `
Object {
  "branch1": Object {
    "children": Array [
      "term1",
      "term2",
    ],
    "label": "NP",
    "offset": Object {
      "dTreeX": 0,
      "dTreeY": 0,
    },
  },
  "term1": Object {
    "label": "Det",
    "offset": Object {
      "dTreeX": 0,
      "dTreeY": 0,
    },
    "slice": Array [
      0,
      3,
    ],
    "triangle": false,
  },
  "term2": Object {
    "label": "N",
    "offset": Object {
      "dTreeX": 0,
      "dTreeY": 0,
    },
    "slice": Array [
      4,
      5,
    ],
    "triangle": false,
  },
  "term3": Object {
    "label": "VP",
    "offset": Object {
      "dTreeX": 0,
      "dTreeY": 0,
    },
    "slice": Array [
      6,
      12,
    ],
    "triangle": true,
  },
  "top": Object {
    "children": Array [
      "branch1",
      "term3",
    ],
    "label": "S",
    "offset": Object {
      "dTreeX": 0,
      "dTreeY": 5,
    },
  },
}
`;

exports[`high-level tree editing routines accommodating sentence changes reassigns terminal node slices when changing sentence to "The dg jumped." 1`] = `
Object {
  "branch1": Object {
    "children": Array [
      "term1",
      "term2",
    ],
    "label": "NP",
    "offset": Object {
      "dTreeX": 0,
      "dTreeY": 0,
    },
  },
  "term1": Object {
    "label": "Det",
    "offset": Object {
      "dTreeX": 0,
      "dTreeY": 0,
    },
    "slice": Array [
      0,
      3,
    ],
    "triangle": false,
  },
  "term2": Object {
    "label": "N",
    "offset": Object {
      "dTreeX": 0,
      "dTreeY": 0,
    },
    "slice": Array [
      4,
      6,
    ],
    "triangle": false,
  },
  "term3": Object {
    "label": "VP",
    "offset": Object {
      "dTreeX": 0,
      "dTreeY": 0,
    },
    "slice": Array [
      7,
      13,
    ],
    "triangle": true,
  },
  "top": Object {
    "children": Array [
      "branch1",
      "term3",
    ],
    "label": "S",
    "offset": Object {
      "dTreeX": 0,
      "dTreeY": 5,
    },
  },
}
`;

exports[`high-level tree editing routines accommodating sentence changes reassigns terminal node slices when changing sentence to "The dg jumped." 2`] = `
Object {
  "branch1": Object {
    "children": Array [
      "term1",
      "term2",
    ],
    "label": "NP",
    "offset": Object {
      "dTreeX": 0,
      "dTreeY": 0,
    },
  },
  "term1": Object {
    "label": "Det",
    "offset": Object {
      "dTreeX": 0,
      "dTreeY": 0,
    },
    "slice": Array [
      0,
      3,
    ],
    "triangle": false,
  },
  "term2": Object {
    "label": "N",
    "offset": Object {
      "dTreeX": 0,
      "dTreeY": 0,
    },
    "slice": Array [
      4,
      6,
    ],
    "triangle": false,
  },
  "term3": Object {
    "label": "VP",
    "offset": Object {
      "dTreeX": 0,
      "dTreeY": 0,
    },
    "slice": Array [
      7,
      13,
    ],
    "triangle": true,
  },
  "top": Object {
    "children": Array [
      "branch1",
      "term3",
    ],
    "label": "S",
    "offset": Object {
      "dTreeX": 0,
      "dTreeY": 5,
    },
  },
}
`;

exports[`high-level tree editing routines accommodating sentence changes reassigns terminal node slices when changing sentence to "The do jumped." 1`] = `
Object {
  "branch1": Object {
    "children": Array [
      "term1",
      "term2",
    ],
    "label": "NP",
    "offset": Object {
      "dTreeX": 0,
      "dTreeY": 0,
    },
  },
  "term1": Object {
    "label": "Det",
    "offset": Object {
      "dTreeX": 0,
      "dTreeY": 0,
    },
    "slice": Array [
      0,
      3,
    ],
    "triangle": false,
  },
  "term2": Object {
    "label": "N",
    "offset": Object {
      "dTreeX": 0,
      "dTreeY": 0,
    },
    "slice": Array [
      4,
      6,
    ],
    "triangle": false,
  },
  "term3": Object {
    "label": "VP",
    "offset": Object {
      "dTreeX": 0,
      "dTreeY": 0,
    },
    "slice": Array [
      7,
      13,
    ],
    "triangle": true,
  },
  "top": Object {
    "children": Array [
      "branch1",
      "term3",
    ],
    "label": "S",
    "offset": Object {
      "dTreeX": 0,
      "dTreeY": 5,
    },
  },
}
`;

exports[`high-level tree editing routines accommodating sentence changes reassigns terminal node slices when changing sentence to "The do jumped." 2`] = `
Object {
  "branch1": Object {
    "children": Array [
      "term1",
      "term2",
    ],
    "label": "NP",
    "offset": Object {
      "dTreeX": 0,
      "dTreeY": 0,
    },
  },
  "term1": Object {
    "label": "Det",
    "offset": Object {
      "dTreeX": 0,
      "dTreeY": 0,
    },
    "slice": Array [
      0,
      3,
    ],
    "triangle": false,
  },
  "term2": Object {
    "label": "N",
    "offset": Object {
      "dTreeX": 0,
      "dTreeY": 0,
    },
    "slice": Array [
      4,
      6,
    ],
    "triangle": false,
  },
  "term3": Object {
    "label": "VP",
    "offset": Object {
      "dTreeX": 0,
      "dTreeY": 0,
    },
    "slice": Array [
      7,
      13,
    ],
    "triangle": true,
  },
  "top": Object {
    "children": Array [
      "branch1",
      "term3",
    ],
    "label": "S",
    "offset": Object {
      "dTreeX": 0,
      "dTreeY": 5,
    },
  },
}
`;

exports[`high-level tree editing routines accommodating sentence changes reassigns terminal node slices when changing sentence to "The dogs jumped." 1`] = `
Object {
  "branch1": Object {
    "children": Array [
      "term1",
      "term2",
    ],
    "label": "NP",
    "offset": Object {
      "dTreeX": 0,
      "dTreeY": 0,
    },
  },
  "term1": Object {
    "label": "Det",
    "offset": Object {
      "dTreeX": 0,
      "dTreeY": 0,
    },
    "slice": Array [
      0,
      3,
    ],
    "triangle": false,
  },
  "term2": Object {
    "label": "N",
    "offset": Object {
      "dTreeX": 0,
      "dTreeY": 0,
    },
    "slice": Array [
      4,
      7,
    ],
    "triangle": false,
  },
  "term3": Object {
    "label": "VP",
    "offset": Object {
      "dTreeX": 0,
      "dTreeY": 0,
    },
    "slice": Array [
      9,
      15,
    ],
    "triangle": true,
  },
  "top": Object {
    "children": Array [
      "branch1",
      "term3",
    ],
    "label": "S",
    "offset": Object {
      "dTreeX": 0,
      "dTreeY": 5,
    },
  },
}
`;

exports[`high-level tree editing routines accommodating sentence changes reassigns terminal node slices when changing sentence to "The doug jumped." 1`] = `
Object {
  "branch1": Object {
    "children": Array [
      "term1",
      "term2",
    ],
    "label": "NP",
    "offset": Object {
      "dTreeX": 0,
      "dTreeY": 0,
    },
  },
  "term1": Object {
    "label": "Det",
    "offset": Object {
      "dTreeX": 0,
      "dTreeY": 0,
    },
    "slice": Array [
      0,
      3,
    ],
    "triangle": false,
  },
  "term2": Object {
    "label": "N",
    "offset": Object {
      "dTreeX": 0,
      "dTreeY": 0,
    },
    "slice": Array [
      4,
      8,
    ],
    "triangle": false,
  },
  "term3": Object {
    "label": "VP",
    "offset": Object {
      "dTreeX": 0,
      "dTreeY": 0,
    },
    "slice": Array [
      9,
      15,
    ],
    "triangle": true,
  },
  "top": Object {
    "children": Array [
      "branch1",
      "term3",
    ],
    "label": "S",
    "offset": Object {
      "dTreeX": 0,
      "dTreeY": 5,
    },
  },
}
`;

exports[`high-level tree editing routines accommodating sentence changes reassigns terminal node slices when changing sentence to "The g jumped." 1`] = `
Object {
  "branch1": Object {
    "children": Array [
      "term1",
      "term2",
    ],
    "label": "NP",
    "offset": Object {
      "dTreeX": 0,
      "dTreeY": 0,
    },
  },
  "term1": Object {
    "label": "Det",
    "offset": Object {
      "dTreeX": 0,
      "dTreeY": 0,
    },
    "slice": Array [
      0,
      3,
    ],
    "triangle": false,
  },
  "term2": Object {
    "label": "N",
    "offset": Object {
      "dTreeX": 0,
      "dTreeY": 0,
    },
    "slice": Array [
      4,
      5,
    ],
    "triangle": false,
  },
  "term3": Object {
    "label": "VP",
    "offset": Object {
      "dTreeX": 0,
      "dTreeY": 0,
    },
    "slice": Array [
      6,
      12,
    ],
    "triangle": true,
  },
  "top": Object {
    "children": Array [
      "branch1",
      "term3",
    ],
    "label": "S",
    "offset": Object {
      "dTreeX": 0,
      "dTreeY": 5,
    },
  },
}
`;

exports[`high-level tree editing routines accommodating sentence changes reassigns terminal node slices when changing sentence to "The og jumped." 1`] = `
Object {
  "branch1": Object {
    "children": Array [
      "term1",
      "term2",
    ],
    "label": "NP",
    "offset": Object {
      "dTreeX": 0,
      "dTreeY": 0,
    },
  },
  "term1": Object {
    "label": "Det",
    "offset": Object {
      "dTreeX": 0,
      "dTreeY": 0,
    },
    "slice": Array [
      0,
      3,
    ],
    "triangle": false,
  },
  "term2": Object {
    "label": "N",
    "offset": Object {
      "dTreeX": 0,
      "dTreeY": 0,
    },
    "slice": Array [
      4,
      6,
    ],
    "triangle": false,
  },
  "term3": Object {
    "label": "VP",
    "offset": Object {
      "dTreeX": 0,
      "dTreeY": 0,
    },
    "slice": Array [
      7,
      13,
    ],
    "triangle": true,
  },
  "top": Object {
    "children": Array [
      "branch1",
      "term3",
    ],
    "label": "S",
    "offset": Object {
      "dTreeX": 0,
      "dTreeY": 5,
    },
  },
}
`;

exports[`high-level tree editing routines accommodating sentence changes reassigns terminal node slices when changing sentence to "The og jumped." 2`] = `
Object {
  "branch1": Object {
    "children": Array [
      "term1",
      "term2",
    ],
    "label": "NP",
    "offset": Object {
      "dTreeX": 0,
      "dTreeY": 0,
    },
  },
  "term1": Object {
    "label": "Det",
    "offset": Object {
      "dTreeX": 0,
      "dTreeY": 0,
    },
    "slice": Array [
      0,
      3,
    ],
    "triangle": false,
  },
  "term2": Object {
    "label": "N",
    "offset": Object {
      "dTreeX": 0,
      "dTreeY": 0,
    },
    "slice": Array [
      4,
      6,
    ],
    "triangle": false,
  },
  "term3": Object {
    "label": "VP",
    "offset": Object {
      "dTreeX": 0,
      "dTreeY": 0,
    },
    "slice": Array [
      7,
      13,
    ],
    "triangle": true,
  },
  "top": Object {
    "children": Array [
      "branch1",
      "term3",
    ],
    "label": "S",
    "offset": Object {
      "dTreeX": 0,
      "dTreeY": 5,
    },
  },
}
`;

exports[`high-level tree editing routines accommodating sentence changes reassigns terminal node slices when changing sentence to "The wdog jumped." 1`] = `
Object {
  "branch1": Object {
    "children": Array [
      "term1",
      "term2",
    ],
    "label": "NP",
    "offset": Object {
      "dTreeX": 0,
      "dTreeY": 0,
    },
  },
  "term1": Object {
    "label": "Det",
    "offset": Object {
      "dTreeX": 0,
      "dTreeY": 0,
    },
    "slice": Array [
      0,
      3,
    ],
    "triangle": false,
  },
  "term2": Object {
    "label": "N",
    "offset": Object {
      "dTreeX": 0,
      "dTreeY": 0,
    },
    "slice": Array [
      5,
      8,
    ],
    "triangle": false,
  },
  "term3": Object {
    "label": "VP",
    "offset": Object {
      "dTreeX": 0,
      "dTreeY": 0,
    },
    "slice": Array [
      9,
      15,
    ],
    "triangle": true,
  },
  "top": Object {
    "children": Array [
      "branch1",
      "term3",
    ],
    "label": "S",
    "offset": Object {
      "dTreeX": 0,
      "dTreeY": 5,
    },
  },
}
`;
