// Vitest Snapshot v1, https://vitest.dev/guide/snapshot.html

exports[`high-level tree editing routines > accommodating sentence changes > reassigns terminal node slices when changing sentence to "The d jumped." 1`] = `
{
  "branch1": {
    "children": [
      "term1",
      "term2",
    ],
    "label": "NP",
    "offset": {
      "dTreeX": 0,
      "dTreeY": 0,
    },
  },
  "term1": {
    "label": "Det",
    "offset": {
      "dTreeX": 0,
      "dTreeY": 0,
    },
    "slice": [
      0,
      3,
    ],
    "triangle": false,
  },
  "term2": {
    "label": "N",
    "offset": {
      "dTreeX": 0,
      "dTreeY": 0,
    },
    "slice": [
      4,
      5,
    ],
    "triangle": false,
  },
  "term3": {
    "label": "VP",
    "offset": {
      "dTreeX": 0,
      "dTreeY": 0,
    },
    "slice": [
      6,
      12,
    ],
    "triangle": true,
  },
  "top": {
    "children": [
      "branch1",
      "term3",
    ],
    "label": "S",
    "offset": {
      "dTreeX": 0,
      "dTreeY": 5,
    },
  },
}
`;

exports[`high-level tree editing routines > accommodating sentence changes > reassigns terminal node slices when changing sentence to "The dg jumped." 1`] = `
{
  "branch1": {
    "children": [
      "term1",
      "term2",
    ],
    "label": "NP",
    "offset": {
      "dTreeX": 0,
      "dTreeY": 0,
    },
  },
  "term1": {
    "label": "Det",
    "offset": {
      "dTreeX": 0,
      "dTreeY": 0,
    },
    "slice": [
      0,
      3,
    ],
    "triangle": false,
  },
  "term2": {
    "label": "N",
    "offset": {
      "dTreeX": 0,
      "dTreeY": 0,
    },
    "slice": [
      4,
      6,
    ],
    "triangle": false,
  },
  "term3": {
    "label": "VP",
    "offset": {
      "dTreeX": 0,
      "dTreeY": 0,
    },
    "slice": [
      7,
      13,
    ],
    "triangle": true,
  },
  "top": {
    "children": [
      "branch1",
      "term3",
    ],
    "label": "S",
    "offset": {
      "dTreeX": 0,
      "dTreeY": 5,
    },
  },
}
`;

exports[`high-level tree editing routines > accommodating sentence changes > reassigns terminal node slices when changing sentence to "The dg jumped." 2`] = `
{
  "branch1": {
    "children": [
      "term1",
      "term2",
    ],
    "label": "NP",
    "offset": {
      "dTreeX": 0,
      "dTreeY": 0,
    },
  },
  "term1": {
    "label": "Det",
    "offset": {
      "dTreeX": 0,
      "dTreeY": 0,
    },
    "slice": [
      0,
      3,
    ],
    "triangle": false,
  },
  "term2": {
    "label": "N",
    "offset": {
      "dTreeX": 0,
      "dTreeY": 0,
    },
    "slice": [
      4,
      6,
    ],
    "triangle": false,
  },
  "term3": {
    "label": "VP",
    "offset": {
      "dTreeX": 0,
      "dTreeY": 0,
    },
    "slice": [
      7,
      13,
    ],
    "triangle": true,
  },
  "top": {
    "children": [
      "branch1",
      "term3",
    ],
    "label": "S",
    "offset": {
      "dTreeX": 0,
      "dTreeY": 5,
    },
  },
}
`;

exports[`high-level tree editing routines > accommodating sentence changes > reassigns terminal node slices when changing sentence to "The do jumped." 1`] = `
{
  "branch1": {
    "children": [
      "term1",
      "term2",
    ],
    "label": "NP",
    "offset": {
      "dTreeX": 0,
      "dTreeY": 0,
    },
  },
  "term1": {
    "label": "Det",
    "offset": {
      "dTreeX": 0,
      "dTreeY": 0,
    },
    "slice": [
      0,
      3,
    ],
    "triangle": false,
  },
  "term2": {
    "label": "N",
    "offset": {
      "dTreeX": 0,
      "dTreeY": 0,
    },
    "slice": [
      4,
      6,
    ],
    "triangle": false,
  },
  "term3": {
    "label": "VP",
    "offset": {
      "dTreeX": 0,
      "dTreeY": 0,
    },
    "slice": [
      7,
      13,
    ],
    "triangle": true,
  },
  "top": {
    "children": [
      "branch1",
      "term3",
    ],
    "label": "S",
    "offset": {
      "dTreeX": 0,
      "dTreeY": 5,
    },
  },
}
`;

exports[`high-level tree editing routines > accommodating sentence changes > reassigns terminal node slices when changing sentence to "The do jumped." 2`] = `
{
  "branch1": {
    "children": [
      "term1",
      "term2",
    ],
    "label": "NP",
    "offset": {
      "dTreeX": 0,
      "dTreeY": 0,
    },
  },
  "term1": {
    "label": "Det",
    "offset": {
      "dTreeX": 0,
      "dTreeY": 0,
    },
    "slice": [
      0,
      3,
    ],
    "triangle": false,
  },
  "term2": {
    "label": "N",
    "offset": {
      "dTreeX": 0,
      "dTreeY": 0,
    },
    "slice": [
      4,
      6,
    ],
    "triangle": false,
  },
  "term3": {
    "label": "VP",
    "offset": {
      "dTreeX": 0,
      "dTreeY": 0,
    },
    "slice": [
      7,
      13,
    ],
    "triangle": true,
  },
  "top": {
    "children": [
      "branch1",
      "term3",
    ],
    "label": "S",
    "offset": {
      "dTreeX": 0,
      "dTreeY": 5,
    },
  },
}
`;

exports[`high-level tree editing routines > accommodating sentence changes > reassigns terminal node slices when changing sentence to "The dogs jumped." 1`] = `
{
  "branch1": {
    "children": [
      "term1",
      "term2",
    ],
    "label": "NP",
    "offset": {
      "dTreeX": 0,
      "dTreeY": 0,
    },
  },
  "term1": {
    "label": "Det",
    "offset": {
      "dTreeX": 0,
      "dTreeY": 0,
    },
    "slice": [
      0,
      3,
    ],
    "triangle": false,
  },
  "term2": {
    "label": "N",
    "offset": {
      "dTreeX": 0,
      "dTreeY": 0,
    },
    "slice": [
      4,
      7,
    ],
    "triangle": false,
  },
  "term3": {
    "label": "VP",
    "offset": {
      "dTreeX": 0,
      "dTreeY": 0,
    },
    "slice": [
      9,
      15,
    ],
    "triangle": true,
  },
  "top": {
    "children": [
      "branch1",
      "term3",
    ],
    "label": "S",
    "offset": {
      "dTreeX": 0,
      "dTreeY": 5,
    },
  },
}
`;

exports[`high-level tree editing routines > accommodating sentence changes > reassigns terminal node slices when changing sentence to "The doug jumped." 1`] = `
{
  "branch1": {
    "children": [
      "term1",
      "term2",
    ],
    "label": "NP",
    "offset": {
      "dTreeX": 0,
      "dTreeY": 0,
    },
  },
  "term1": {
    "label": "Det",
    "offset": {
      "dTreeX": 0,
      "dTreeY": 0,
    },
    "slice": [
      0,
      3,
    ],
    "triangle": false,
  },
  "term2": {
    "label": "N",
    "offset": {
      "dTreeX": 0,
      "dTreeY": 0,
    },
    "slice": [
      4,
      8,
    ],
    "triangle": false,
  },
  "term3": {
    "label": "VP",
    "offset": {
      "dTreeX": 0,
      "dTreeY": 0,
    },
    "slice": [
      9,
      15,
    ],
    "triangle": true,
  },
  "top": {
    "children": [
      "branch1",
      "term3",
    ],
    "label": "S",
    "offset": {
      "dTreeX": 0,
      "dTreeY": 5,
    },
  },
}
`;

exports[`high-level tree editing routines > accommodating sentence changes > reassigns terminal node slices when changing sentence to "The g jumped." 1`] = `
{
  "branch1": {
    "children": [
      "term1",
      "term2",
    ],
    "label": "NP",
    "offset": {
      "dTreeX": 0,
      "dTreeY": 0,
    },
  },
  "term1": {
    "label": "Det",
    "offset": {
      "dTreeX": 0,
      "dTreeY": 0,
    },
    "slice": [
      0,
      3,
    ],
    "triangle": false,
  },
  "term2": {
    "label": "N",
    "offset": {
      "dTreeX": 0,
      "dTreeY": 0,
    },
    "slice": [
      4,
      5,
    ],
    "triangle": false,
  },
  "term3": {
    "label": "VP",
    "offset": {
      "dTreeX": 0,
      "dTreeY": 0,
    },
    "slice": [
      6,
      12,
    ],
    "triangle": true,
  },
  "top": {
    "children": [
      "branch1",
      "term3",
    ],
    "label": "S",
    "offset": {
      "dTreeX": 0,
      "dTreeY": 5,
    },
  },
}
`;

exports[`high-level tree editing routines > accommodating sentence changes > reassigns terminal node slices when changing sentence to "The og jumped." 1`] = `
{
  "branch1": {
    "children": [
      "term1",
      "term2",
    ],
    "label": "NP",
    "offset": {
      "dTreeX": 0,
      "dTreeY": 0,
    },
  },
  "term1": {
    "label": "Det",
    "offset": {
      "dTreeX": 0,
      "dTreeY": 0,
    },
    "slice": [
      0,
      3,
    ],
    "triangle": false,
  },
  "term2": {
    "label": "N",
    "offset": {
      "dTreeX": 0,
      "dTreeY": 0,
    },
    "slice": [
      4,
      6,
    ],
    "triangle": false,
  },
  "term3": {
    "label": "VP",
    "offset": {
      "dTreeX": 0,
      "dTreeY": 0,
    },
    "slice": [
      7,
      13,
    ],
    "triangle": true,
  },
  "top": {
    "children": [
      "branch1",
      "term3",
    ],
    "label": "S",
    "offset": {
      "dTreeX": 0,
      "dTreeY": 5,
    },
  },
}
`;

exports[`high-level tree editing routines > accommodating sentence changes > reassigns terminal node slices when changing sentence to "The og jumped." 2`] = `
{
  "branch1": {
    "children": [
      "term1",
      "term2",
    ],
    "label": "NP",
    "offset": {
      "dTreeX": 0,
      "dTreeY": 0,
    },
  },
  "term1": {
    "label": "Det",
    "offset": {
      "dTreeX": 0,
      "dTreeY": 0,
    },
    "slice": [
      0,
      3,
    ],
    "triangle": false,
  },
  "term2": {
    "label": "N",
    "offset": {
      "dTreeX": 0,
      "dTreeY": 0,
    },
    "slice": [
      4,
      6,
    ],
    "triangle": false,
  },
  "term3": {
    "label": "VP",
    "offset": {
      "dTreeX": 0,
      "dTreeY": 0,
    },
    "slice": [
      7,
      13,
    ],
    "triangle": true,
  },
  "top": {
    "children": [
      "branch1",
      "term3",
    ],
    "label": "S",
    "offset": {
      "dTreeX": 0,
      "dTreeY": 5,
    },
  },
}
`;

exports[`high-level tree editing routines > accommodating sentence changes > reassigns terminal node slices when changing sentence to "The wdog jumped." 1`] = `
{
  "branch1": {
    "children": [
      "term1",
      "term2",
    ],
    "label": "NP",
    "offset": {
      "dTreeX": 0,
      "dTreeY": 0,
    },
  },
  "term1": {
    "label": "Det",
    "offset": {
      "dTreeX": 0,
      "dTreeY": 0,
    },
    "slice": [
      0,
      3,
    ],
    "triangle": false,
  },
  "term2": {
    "label": "N",
    "offset": {
      "dTreeX": 0,
      "dTreeY": 0,
    },
    "slice": [
      5,
      8,
    ],
    "triangle": false,
  },
  "term3": {
    "label": "VP",
    "offset": {
      "dTreeX": 0,
      "dTreeY": 0,
    },
    "slice": [
      9,
      15,
    ],
    "triangle": true,
  },
  "top": {
    "children": [
      "branch1",
      "term3",
    ],
    "label": "S",
    "offset": {
      "dTreeX": 0,
      "dTreeY": 5,
    },
  },
}
`;
