// Jest Snapshot v1, https://goo.gl/fbAQLP

exports[`sentence rendering renders an input box with the sentence 1`] = `
<DocumentFragment>
  <input
    class="SentenceView-input"
    id="t123456"
    placeholder="Type a sentence..."
    style="left: -100px; top: 20px; width: 127px;"
    type="text"
    value="Noun verb phrases."
  />
</DocumentFragment>
`;
